2025-11-25 21:43:16,580 - INFO - Batch processor initialized. Output: processed_thermal
2025-11-25 21:43:16,581 - INFO - 
Found 8 images in Images
2025-11-25 21:43:16,581 - INFO - ======================================================================
2025-11-25 21:43:16,582 - INFO - [1/8] 
2025-11-25 21:43:16,582 - INFO - Processing: FLIR0648.jpg
2025-11-25 21:43:17,103 - INFO -   ✓ Success: -0.5°C avg, -33.0-5.9°C range
2025-11-25 21:43:17,103 - INFO - [2/8] 
2025-11-25 21:43:17,104 - INFO - Processing: FLIR0649.jpg
2025-11-25 21:43:17,516 - ERROR -   ✗ Failed: cannot identify image file <_io.BytesIO object at 0x7fba98ac1da0>
2025-11-25 21:43:17,516 - INFO - [3/8] 
2025-11-25 21:43:17,516 - INFO - Processing: FLIR0650.jpg
2025-11-25 21:43:17,870 - INFO -   ✓ Success: -2.8°C avg, -35.2-5.4°C range
2025-11-25 21:43:17,870 - INFO - [4/8] 
2025-11-25 21:43:17,870 - INFO - Processing: FLIR0651.jpg
2025-11-25 21:43:18,218 - ERROR -   ✗ Failed: cannot identify image file <_io.BytesIO object at 0x7fba987551c0>
2025-11-25 21:43:18,219 - INFO - [5/8] 
2025-11-25 21:43:18,219 - INFO - Processing: FLIR0652.jpg
2025-11-25 21:43:18,571 - INFO -   ✓ Success: 0.8°C avg, -13.4-7.4°C range
2025-11-25 21:43:18,571 - INFO - [6/8] 
2025-11-25 21:43:18,571 - INFO - Processing: FLIR0653.jpg
2025-11-25 21:43:18,861 - ERROR -   ✗ Failed: cannot identify image file <_io.BytesIO object at 0x7fba98ac1da0>
2025-11-25 21:43:18,861 - INFO - [7/8] 
2025-11-25 21:43:18,861 - INFO - Processing: FLIR0654.jpg
2025-11-25 21:43:19,186 - INFO -   ✓ Success: -2.2°C avg, -65.6-6.5°C range
2025-11-25 21:43:19,186 - INFO - [8/8] 
2025-11-25 21:43:19,186 - INFO - Processing: FLIR0655.jpg
2025-11-25 21:43:19,496 - ERROR -   ✗ Failed: cannot identify image file <_io.BytesIO object at 0x7fba98755620>
2025-11-25 21:43:19,496 - INFO - 
======================================================================
2025-11-25 21:43:19,497 - INFO - Processing complete:
2025-11-25 21:43:19,497 - INFO -   Total: 8
2025-11-25 21:43:19,497 - INFO -   Success: 4
2025-11-25 21:43:19,497 - INFO -   Failed: 4
2025-11-25 21:43:19,497 - INFO -   Success rate: 50.0%
2025-11-25 21:43:19,505 - INFO - Summary saved to: processed_thermal/thermal_summary.csv
